[22:01:10.561] info:  [22:01:10.561] info:  No default config found for: C:\SCPCB-RTX-Remaster\scpcb-rtx\SCP - Containment Breach RTX Remaster.exe
[22:01:10.561] info:  [22:01:10.561] info:  Trying to open config file: C:\SCPCB-RTX-Remaster\scpcb-rtx\.trex\bridge.conf
[22:01:10.561] info:  ==================
[22:01:10.561] info:  NVIDIA RTX Remix Bridge Server
[22:01:10.561] info:  ==================
[22:01:10.561] info:  Version: remix-main+d7a2923c
[22:01:10.561] info:  Running in x64 mode!
[22:01:10.562] info:  Launched server with GUID 345b4e66-6c42-4946-b07b-7e0ea5aadcd6
[22:01:10.562] info:  Server started up, waiting for connection from client...
[22:01:10.562] info:  Registering exit callback in case client exits unexpectedly.
[22:01:10.562] info:  Registering message channel for asynchronous message handling.
[22:01:10.562] info:  Initializing D3D9...
[22:01:10.642] info:  Message channel MessageChannelServer established.
[22:01:10.764] info:  D3D9 interface object creation succeeded!
[22:01:10.765] info:  Loaded D3D9 from C:\SCPCB-RTX-Remaster\scpcb-rtx\.trex\d3d9.dll
[22:01:10.765] info:  Version of d3d9 loaded is DXVK
[22:01:10.765] info:  Feature version parity confirmed!
[22:01:10.765] info:  Sync request received, sending ACK response...
[22:01:10.765] info:  Done! Now waiting for client to consume the response...
[22:01:10.768] info:  Handshake completed! Now waiting for incoming commands...
[22:01:12.071] info:  Server side D3D9 DeviceEx created successfully!
[22:01:12.471] info:  Server side D3D9 DeviceEx created successfully!
[22:01:12.491] info:  Client window became active, reenabling timeouts for bridge server!
[22:01:12.494] info:  Client window became inactive, disabling timeouts for bridge server...
[22:01:41.722] info:  Client window became active, reenabling timeouts for bridge server!
[22:11:43.446] info:  Client window became inactive, disabling timeouts for bridge server...
[22:11:56.200] info:  Client window became active, reenabling timeouts for bridge server!
[22:11:57.031] info:  Client window became inactive, disabling timeouts for bridge server...
[22:11:58.842] info:  Client window became active, reenabling timeouts for bridge server!
[22:12:04.159] info:  Client window became inactive, disabling timeouts for bridge server...
[22:12:12.220] info:  Client window became active, reenabling timeouts for bridge server!
[22:12:13.144] info:  Client window became inactive, disabling timeouts for bridge server...
[22:12:13.856] info:  Client window became active, reenabling timeouts for bridge server!
[22:16:32.946] info:  Client window became inactive, disabling timeouts for bridge server...
[22:16:34.217] info:  Client window became active, reenabling timeouts for bridge server!
[22:16:34.231] info:  Client window became inactive, disabling timeouts for bridge server...
[22:16:34.248] info:  The module command processing loop was exited unexpectedly, either due to timing out or some other command queue issue.
[22:16:34.250] err:   8 objects discovered in Resource map at Direct3D module eviction:
[22:16:34.250] err:   	4 -> 0000024A53C4C480
[22:16:34.250] err:   	5 -> 0000024A53C4C480
[22:16:34.250] err:   	6 -> 0000024A53C4BE40
[22:16:34.250] err:   	757 -> 0000024B5C6A0790
[22:16:34.250] err:   	756 -> 0000024B5C6A1BE0
[22:16:34.250] err:   	1e2b -> 0000024BD4BCA040
[22:16:34.250] err:   	1e29 -> 0000024BD4BCAA40
[22:16:34.250] err:   	1e2a -> 0000024BD4BCAA40
[22:16:34.250] err:   3 objects discovered in Vertex Declaration map at Direct3D module eviction:
[22:16:34.250] err:   	7 -> 0000024A5256F5F0
[22:16:34.250] err:   	11 -> 0000024A52929BE0
[22:16:34.250] err:   	12 -> 0000024A52929E60
[22:16:34.250] err:   2 objects discovered in Swapchain map at Direct3D module eviction:
[22:16:34.250] err:   	3 -> 0000024A678542E0
[22:16:34.250] err:   	1e28 -> 0000024A67A6B480
[22:16:34.250] err:   2 objects discovered in Device map at Direct3D module eviction:
[22:16:34.250] err:   	2 -> 0000024A546A4040
[22:16:34.250] err:   	c -> 0000024AB3279040
[22:16:34.250] info:  Command processing loop finished, cleaning up and exiting...
[22:16:34.250] info:  Shutdown cleanup successful, exiting now!
[22:16:34.250] info:  [Uptime]: 923s
