[22:01:10.650] info:  Game: SCP - Containment Breach RTX Remaster.exe
[22:01:10.650] info:  DXVK_Remix: remix-main+d7a2923c
[22:01:10.650] info:  System Information Report:
[22:01:10.650] info:    CPU: (GenuineIntel) 13th Gen Intel(R) Core(TM) i5-13600KF
[22:01:10.650] info:    Memory: 13.77 GiB / 31.79 GiB physical, 18.38 GiB / 58.79 GiB committed, 4.81 GiB / 128.00 TiB virtual (current process)
[22:01:10.650] info:    OS: Windows 10.0 Build 26200
[22:01:10.650] info:  Init config: User
[22:01:10.650] info:  Looking for config: User
[22:01:10.650] info:  Attempting to parse: dxvk.conf at CWD("C:\\SCPCB-RTX-Remaster\\scpcb-rtx")...
[22:01:10.650] info:  No config file found at: dxvk.conf
[22:01:10.650] warn:  [RTX Option]: Failed to load valid config for layer 'dxvk.conf' with priority 1.
[22:01:10.650] info:  Set user specific config.
[22:01:10.650] info:  Init config: App
[22:01:10.650] info:  Looking for config: App
[22:01:10.654] info:  Did not find app config for executable: C:\SCPCB-RTX-Remaster\scpcb-rtx\SCP - Containment Breach RTX Remaster.exe
[22:01:10.654] warn:  [RTX Option]: Failed to load valid config for layer '<APPLICATION DEFAULT>' with priority 0.
[22:01:10.654] info:  Set startup config.
[22:01:10.654] info:  Init config: RtxUser
[22:01:10.654] info:  Looking for config: RtxUser
[22:01:10.654] info:  Attempting to parse: rtx.conf at CWD("C:\\SCPCB-RTX-Remaster\\scpcb-rtx")...
[22:01:10.654] info:  No config file found at: rtx.conf
[22:01:10.654] info:  Attempting to parse option layer: rtx.conf...
[22:01:10.654] info:  No config file found at: rtx.conf
[22:01:10.654] warn:  [RTX Option]: Failed to load valid config for layer 'rtx.conf' with priority 2.
[22:01:10.654] info:  Set custom config.
[22:01:10.654] info:  Init config: RtxMod
[22:01:10.654] info:  No base game mod path found. Skipping initialization.
[22:01:10.654] info:  Attempting to parse option layer: quality.conf...
[22:01:10.654] info:  No config file found at: quality.conf
[22:01:10.654] warn:  [RTX Option]: Failed to load valid config for layer 'quality.conf' with priority 3.
[22:01:10.654] info:  Set quality configs.
[22:01:10.654] info:  Attempting to parse option layer: user.conf...
[22:01:10.654] info:  Found config file: user.conf
[22:01:10.654] info:  Parsed config file.
[22:01:10.654] info:  Set user realtime configs.
[22:01:10.655] info:  [RTX Neural Radiance Cache] Selected High preset mode.
[22:01:10.655] info:  Geometry generation hash rule:
[22:01:10.655] info:  	positions
[22:01:10.655] info:  	indices
[22:01:10.655] info:  	texcoords
[22:01:10.655] info:  	geometrydescriptor
[22:01:10.655] info:  	vertexlayout
[22:01:10.655] info:  	vertexshader
[22:01:10.655] info:  Geometry asset hash rule:
[22:01:10.655] info:  	positions
[22:01:10.655] info:  	indices
[22:01:10.655] info:  	geometrydescriptor
[22:01:10.655] info:  Built-in extension providers:
[22:01:10.655] info:    Win32 WSI
[22:01:10.655] info:    OpenVR
[22:01:10.655] info:    OpenXR
[22:01:10.655] info:  OpenVR: could not open registry key, status 2
[22:01:10.656] info:  OpenVR: Failed to locate module
[22:01:10.736] info:  Enabled instance extensions:
[22:01:10.736] info:    VK_KHR_external_memory_capabilities
[22:01:10.736] info:    VK_KHR_external_semaphore_capabilities
[22:01:10.736] info:    VK_KHR_get_physical_device_properties2
[22:01:10.736] info:    VK_KHR_get_surface_capabilities2
[22:01:10.736] info:    VK_KHR_surface
[22:01:10.736] info:    VK_KHR_win32_surface
[22:01:10.740] info:  Enabled Layer Names:
[22:01:10.764] info:  D3D9: VK_FORMAT_D16_UNORM_S8_UINT -> VK_FORMAT_D24_UNORM_S8_UINT
[22:01:10.764] info:  NVIDIA GeForce RTX 4070 Ti:
[22:01:10.764] info:    Driver: 617.14.0
[22:01:10.764] info:    Vulkan: 1.4.351
[22:01:10.764] info:    Memory Heap[0]: 
[22:01:10.764] info:      Size: 11996 MiB
[22:01:10.764] info:      Flags: 0x1
[22:01:10.764] info:      Memory Type[1]: Property Flags = 0x1
[22:01:10.764] info:    Memory Heap[1]: 
[22:01:10.764] info:      Size: 16276 MiB
[22:01:10.764] info:      Flags: 0x0
[22:01:10.764] info:      Memory Type[0]: Property Flags = 0x0
[22:01:10.764] info:      Memory Type[2]: Property Flags = 0x6
[22:01:10.764] info:      Memory Type[3]: Property Flags = 0xe
[22:01:10.764] info:    Memory Heap[2]: 
[22:01:10.764] info:      Size: 214 MiB
[22:01:10.764] info:      Flags: 0x1
[22:01:10.764] info:      Memory Type[4]: Property Flags = 0x7
[22:01:10.764] info:  Process set as DPI aware
[22:01:10.793] info:  Device properties:
[22:01:10.793] info:    Device name:     : NVIDIA GeForce RTX 4070 Ti
[22:01:10.793] info:    Vendor name:     : NVIDIA
[22:01:10.793] info:    Device ID:       : 0x2782
[22:01:10.793] info:    Vendor ID:       : 0x10de
[22:01:10.793] info:    Driver version   : 617.14.0
[22:01:10.793] info:  Enabled device extensions:
[22:01:10.793] info:    VK_EXT_4444_formats
[22:01:10.793] info:    VK_EXT_calibrated_timestamps
[22:01:10.793] info:    VK_EXT_conservative_rasterization
[22:01:10.793] info:    VK_EXT_custom_border_color
[22:01:10.793] info:    VK_EXT_depth_clip_enable
[22:01:10.793] info:    VK_EXT_extended_dynamic_state
[22:01:10.793] info:    VK_EXT_full_screen_exclusive
[22:01:10.793] info:    VK_EXT_memory_priority
[22:01:10.793] info:    VK_EXT_opacity_micromap
[22:01:10.793] info:    VK_EXT_robustness2
[22:01:10.793] info:    VK_EXT_shader_atomic_float
[22:01:10.793] info:    VK_EXT_shader_demote_to_helper_invocation
[22:01:10.793] info:    VK_EXT_shader_viewport_index_layer
[22:01:10.793] info:    VK_EXT_transform_feedback
[22:01:10.793] info:    VK_EXT_vertex_attribute_divisor
[22:01:10.793] info:    VK_KHR_acceleration_structure
[22:01:10.793] info:    VK_KHR_buffer_device_address
[22:01:10.793] info:    VK_KHR_create_renderpass2
[22:01:10.793] info:    VK_KHR_deferred_host_operations
[22:01:10.794] info:    VK_KHR_depth_stencil_resolve
[22:01:10.794] info:    VK_KHR_draw_indirect_count
[22:01:10.794] info:    VK_KHR_driver_properties
[22:01:10.794] info:    VK_KHR_external_memory
[22:01:10.794] info:    VK_KHR_external_memory_win32
[22:01:10.794] info:    VK_KHR_external_semaphore
[22:01:10.794] info:    VK_KHR_external_semaphore_win32
[22:01:10.794] info:    VK_KHR_image_format_list
[22:01:10.794] info:    VK_KHR_maintenance4
[22:01:10.794] info:    VK_KHR_pipeline_library
[22:01:10.794] info:    VK_KHR_push_descriptor
[22:01:10.794] info:    VK_KHR_ray_query
[22:01:10.794] info:    VK_KHR_ray_tracing_pipeline
[22:01:10.794] info:    VK_KHR_sampler_mirror_clamp_to_edge
[22:01:10.794] info:    VK_KHR_shader_float16_int8
[22:01:10.794] info:    VK_KHR_shader_float_controls
[22:01:10.794] info:    VK_KHR_swapchain
[22:01:10.794] info:    VK_KHR_synchronization2
[22:01:10.794] info:    VK_NVX_binary_import
[22:01:10.794] info:    VK_NVX_image_view_handle
[22:01:10.794] info:    VK_NV_low_latency
[22:01:10.794] info:    VK_NV_present_metering
[22:01:10.794] info:    VK_NV_ray_tracing_invocation_reorder
[22:01:10.794] info:  Device features:
[22:01:10.794] info:    robustBufferAccess                     : 1
[22:01:10.794] info:    fullDrawIndexUint32                    : 1
[22:01:10.794] info:    imageCubeArray                         : 1
[22:01:10.794] info:    independentBlend                       : 1
[22:01:10.794] info:    geometryShader                         : 1
[22:01:10.794] info:    tessellationShader                     : 0
[22:01:10.794] info:    sampleRateShading                      : 1
[22:01:10.794] info:    dualSrcBlend                           : 0
[22:01:10.794] info:    logicOp                                : 0
[22:01:10.794] info:    multiDrawIndirect                      : 0
[22:01:10.794] info:    drawIndirectFirstInstance              : 0
[22:01:10.794] info:    depthClamp                             : 1
[22:01:10.794] info:    depthBiasClamp                         : 1
[22:01:10.794] info:    fillModeNonSolid                       : 1
[22:01:10.794] info:    depthBounds                            : 1
[22:01:10.794] info:    multiViewport                          : 1
[22:01:10.794] info:    samplerAnisotropy                      : 1
[22:01:10.794] info:    textureCompressionBC                   : 1
[22:01:10.794] info:    occlusionQueryPrecise                  : 1
[22:01:10.794] info:    pipelineStatisticsQuery                : 1
[22:01:10.794] info:    vertexPipelineStoresAndAtomics         : 1
[22:01:10.794] info:    fragmentStoresAndAtomics               : 0
[22:01:10.794] info:    shaderImageGatherExtended              : 0
[22:01:10.794] info:    shaderStorageImageExtendedFormats      : 0
[22:01:10.794] info:    shaderStorageImageReadWithoutFormat    : 0
[22:01:10.794] info:    shaderStorageImageWriteWithoutFormat   : 1
[22:01:10.794] info:    shaderClipDistance                     : 1
[22:01:10.794] info:    shaderCullDistance                     : 1
[22:01:10.794] info:    shaderFloat64                          : 0
[22:01:10.794] info:    shaderInt64                            : 0
[22:01:10.794] info:    variableMultisampleRate                : 0
[22:01:10.794] info:    hostQueryReset                         : 1
[22:01:10.794] info:    scalarBlockLayout                      : 1
[22:01:10.794] info:    uniformBufferStandardLayout            : 1
[22:01:10.794] info:  VK_EXT_4444_formats
[22:01:10.794] info:    formatA4R4G4B4                         : 1
[22:01:10.794] info:    formatA4B4G4R4                         : 1
[22:01:10.794] info:  VK_EXT_custom_border_color
[22:01:10.794] info:    customBorderColors                     : 1
[22:01:10.794] info:    customBorderColorWithoutFormat         : 1
[22:01:10.794] info:  VK_EXT_depth_clip_enable
[22:01:10.794] info:    depthClipEnable                        : 1
[22:01:10.794] info:  VK_EXT_extended_dynamic_state
[22:01:10.794] info:    extendedDynamicState                   : 1
[22:01:10.794] info:  VK_EXT_memory_priority
[22:01:10.794] info:    memoryPriority                         : 1
[22:01:10.794] info:  VK_EXT_robustness2
[22:01:10.794] info:    robustBufferAccess2                    : 1
[22:01:10.794] info:    robustImageAccess2                     : 0
[22:01:10.794] info:    nullDescriptor                         : 1
[22:01:10.794] info:  VK_EXT_shader_demote_to_helper_invocation
[22:01:10.794] info:    shaderDemoteToHelperInvocation         : 1
[22:01:10.794] info:  VK_EXT_transform_feedback
[22:01:10.794] info:    transformFeedback                      : 1
[22:01:10.794] info:    geometryStreams                        : 0
[22:01:10.794] info:  VK_EXT_vertex_attribute_divisor
[22:01:10.794] info:    vertexAttributeInstanceRateDivisor     : 1
[22:01:10.794] info:    vertexAttributeInstanceRateZeroDivisor : 1
[22:01:10.794] info:  VK_KHR_buffer_device_address
[22:01:10.794] info:    bufferDeviceAddress                    : 1
[22:01:10.794] info:  Queue families:
[22:01:10.794] info:    Graphics : 0
[22:01:10.794] info:    Transfer : 1
[22:01:10.794] info:    Async Compute : 2
[22:01:10.794] info:    Present : 2
[22:01:10.909] info:  DXVK: Read 310 valid state cache entries
[22:01:10.909] info:  DXVK: Using 13 compiler threads
[22:01:10.925] info:  USD plugin, Remix loaded!
[22:01:10.925] warn:  usd plugins were not loaded
[22:01:10.925] info:  [RTX info] Neural Radiance Cache: supported
[22:01:12.001] info:  Reflex initialized successfully.
[22:01:12.007] info:  Automatic Raytrace Mode Preset in use (Set rtx.raytraceModePreset to something other than Auto use a non-automatic preset)
[22:01:12.007] info:  NVIDIA architecture detected, setting default raytrace modes to Trace Ray (Indirect Integrate) and Ray Query (GBuffer, Direct Integrate)
[22:01:12.029] info:  [RTX info] Opacity Micromap: supported
[22:01:12.029] info:  [RTX info] Shader Execution Reordering: supported
[22:01:12.029] info:  [RTX info] Shader Execution Reordering: enabled
[22:01:12.029] info:  CPU supports SIMD: AVX2
[22:01:12.034] info:  D3D9DeviceEx::ResetSwapChain:
[22:01:12.034] info:    Requested Presentation Parameters
[22:01:12.034] info:      - Width:              400
[22:01:12.034] info:      - Height:             300
[22:01:12.034] info:      - Format:             D3D9Format::X8R8G8B8
[22:01:12.034] info:      - Auto Depth Stencil: true
[22:01:12.034] info:                  ^ Format: D3D9Format::D24S8
[22:01:12.034] info:      - Windowed:           true
[22:01:12.037] info:  Adding asset search path: c:\scpcb-rtx-remaster\scpcb-rtx\rtx-remix\mods\scpcb-rtx-dx9-proj\
[22:01:12.063] warn:  A suboptimal replacement texture detected: c:\SCPCB-RTX-Remaster\scpcb-rtx\rtx-remix\mods\SCPCB-RTX-DX9-Proj\SubUSDs\918780B90550BF34.dds! Please make sure all replacement textures have mip-maps.
[22:01:12.067] info:  No winproc detected, initiating bridge message channel for: 0000000100180CFA
[22:01:12.079] warn:  [SecretReplacement] Could not find stage: C:\SCPCB-RTX-Remaster\scpcb-rtx\rtx-remix\mods\SCPCB-RTX-DX9-Proj\./SubUSDs/SM_Prop_CompanionCube_Ice.usd
[22:01:12.079] warn:  [SecretReplacement] Could not find stage: C:\SCPCB-RTX-Remaster\scpcb-rtx\rtx-remix\mods\SCPCB-RTX-DX9-Proj\./SubUSDs/SM_Prop_CompanionCube_Lens.usd
[22:01:12.079] warn:  [SecretReplacement] Could not find stage: C:\SCPCB-RTX-Remaster\scpcb-rtx\rtx-remix\mods\SCPCB-RTX-DX9-Proj\./SubUSDs/SM_Prop_CompanionCubeCamera_A01_01.usd
[22:01:12.079] warn:  [SecretReplacement] Could not find stage: C:\SCPCB-RTX-Remaster\scpcb-rtx\rtx-remix\mods\SCPCB-RTX-DX9-Proj\./SubUSDs/SM_Prop_CompanionCubeDigital_A02_01.usd
[22:01:12.079] warn:  [SecretReplacement] Could not find stage: C:\SCPCB-RTX-Remaster\scpcb-rtx\rtx-remix\mods\SCPCB-RTX-DX9-Proj\./SubUSDs/SM_Prop_CompanionCubeIsogrid_A01_01.usd
[22:01:12.079] warn:  [SecretReplacement] Could not find stage: C:\SCPCB-RTX-Remaster\scpcb-rtx\rtx-remix\mods\SCPCB-RTX-DX9-Proj\./SubUSDs/SM_Prop_CompanionCubeIsogrid_A02_01.usd
[22:01:12.079] warn:  [SecretReplacement] Could not find stage: C:\SCPCB-RTX-Remaster\scpcb-rtx\rtx-remix\mods\SCPCB-RTX-DX9-Proj\./SubUSDs/SM_Prop_CompanionCubeIsogrid_A03_01.usd
[22:01:12.079] warn:  [SecretReplacement] Could not find stage: C:\SCPCB-RTX-Remaster\scpcb-rtx\rtx-remix\mods\SCPCB-RTX-DX9-Proj\./SubUSDs/SM_Prop_RTX_CompanionCube_A1_01.usd
[22:01:12.079] warn:  [SecretReplacement] Could not find stage: C:\SCPCB-RTX-Remaster\scpcb-rtx\rtx-remix\mods\SCPCB-RTX-DX9-Proj\./SubUSDs/SM_Prop_CompanionCube_RollCage.usd
[22:01:12.079] warn:  [SecretReplacement] Could not find stage: C:\SCPCB-RTX-Remaster\scpcb-rtx\rtx-remix\mods\SCPCB-RTX-DX9-Proj\./SubUSDs/SM_Prop_CompanionCube_Healthpack.usd
[22:01:12.079] warn:  [SecretReplacement] Could not find stage: C:\SCPCB-RTX-Remaster\scpcb-rtx\rtx-remix\mods\SCPCB-RTX-DX9-Proj\./SubUSDs/SM_Prop_CompanionCube_Space.usd
[22:01:12.079] warn:  [SecretReplacement] Could not find stage: C:\SCPCB-RTX-Remaster\scpcb-rtx\rtx-remix\mods\SCPCB-RTX-DX9-Proj\./SubUSDs/SM_Prop_CompanionCube_Pillow_A.usd
[22:01:12.079] warn:  [SecretReplacement] Could not find stage: C:\SCPCB-RTX-Remaster\scpcb-rtx\rtx-remix\mods\SCPCB-RTX-DX9-Proj\./SubUSDs/SM_Prop_CompanionCube_Ceramic.usd
[22:01:12.079] warn:  [SecretReplacement] Could not find stage: C:\SCPCB-RTX-Remaster\scpcb-rtx\rtx-remix\mods\SCPCB-RTX-DX9-Proj\./SubUSDs/SM_Prop_CompanionCube_Wood.usd
[22:01:12.079] warn:  [SecretReplacement] Could not find stage: C:\SCPCB-RTX-Remaster\scpcb-rtx\rtx-remix\mods\SCPCB-RTX-DX9-Proj\./SubUSDs/SM_Prop_CompanionCubeDigital_A01_01.usd
[22:01:12.079] warn:  [SecretReplacement] Could not find stage: C:\SCPCB-RTX-Remaster\scpcb-rtx\rtx-remix\mods\SCPCB-RTX-DX9-Proj\./SubUSDs/SM_Prop_CompanionCube_SteamPunk_A01.usd
[22:01:12.079] warn:  [SecretReplacement] Could not find stage: C:\SCPCB-RTX-Remaster\scpcb-rtx\rtx-remix\mods\SCPCB-RTX-DX9-Proj\./SubUSDs/SM_Prop_CompanionCube_ArtsAndCrafts.usd
[22:01:12.079] warn:  [SecretReplacement] Could not find stage: C:\SCPCB-RTX-Remaster\scpcb-rtx\rtx-remix\mods\SCPCB-RTX-DX9-Proj\./SubUSDs/SM_Prop_CompanionCube_Cubus.usd
[22:01:12.099] warn:  Overriding asset search path from: c:\scpcb-rtx-remaster\scpcb-rtx\rtx-remix\mods\scpcb-rtx-dx9-proj\ to: c:\scpcb-rtx-remaster\scpcb-rtx\rtx-remix\mods\rtx-files\
[22:01:12.102] warn:  A suboptimal replacement texture detected: c:\SCPCB-RTX-Remaster\scpcb-rtx\rtx-remix\mods\rtx-files\assets\ingested\dx7\918780B90550BF34.dds! Please make sure all replacement textures have mip-maps.
[22:01:12.115] warn:  [SecretReplacement] Could not find stage: C:\SCPCB-RTX-Remaster\scpcb-rtx\rtx-remix\mods\rtx-files\./SubUSDs/SM_Prop_CompanionCube_Ice.usd
[22:01:12.115] warn:  [SecretReplacement] Could not find stage: C:\SCPCB-RTX-Remaster\scpcb-rtx\rtx-remix\mods\rtx-files\./SubUSDs/SM_Prop_CompanionCube_Lens.usd
[22:01:12.115] warn:  [SecretReplacement] Could not find stage: C:\SCPCB-RTX-Remaster\scpcb-rtx\rtx-remix\mods\rtx-files\./SubUSDs/SM_Prop_CompanionCubeCamera_A01_01.usd
[22:01:12.115] warn:  [SecretReplacement] Could not find stage: C:\SCPCB-RTX-Remaster\scpcb-rtx\rtx-remix\mods\rtx-files\./SubUSDs/SM_Prop_CompanionCubeDigital_A02_01.usd
[22:01:12.115] warn:  [SecretReplacement] Could not find stage: C:\SCPCB-RTX-Remaster\scpcb-rtx\rtx-remix\mods\rtx-files\./SubUSDs/SM_Prop_CompanionCubeIsogrid_A01_01.usd
[22:01:12.115] warn:  [SecretReplacement] Could not find stage: C:\SCPCB-RTX-Remaster\scpcb-rtx\rtx-remix\mods\rtx-files\./SubUSDs/SM_Prop_CompanionCubeIsogrid_A02_01.usd
[22:01:12.115] warn:  [SecretReplacement] Could not find stage: C:\SCPCB-RTX-Remaster\scpcb-rtx\rtx-remix\mods\rtx-files\./SubUSDs/SM_Prop_CompanionCubeIsogrid_A03_01.usd
[22:01:12.115] warn:  [SecretReplacement] Could not find stage: C:\SCPCB-RTX-Remaster\scpcb-rtx\rtx-remix\mods\rtx-files\./SubUSDs/SM_Prop_RTX_CompanionCube_A1_01.usd
[22:01:12.115] warn:  [SecretReplacement] Could not find stage: C:\SCPCB-RTX-Remaster\scpcb-rtx\rtx-remix\mods\rtx-files\./SubUSDs/SM_Prop_CompanionCube_RollCage.usd
[22:01:12.115] warn:  [SecretReplacement] Could not find stage: C:\SCPCB-RTX-Remaster\scpcb-rtx\rtx-remix\mods\rtx-files\./SubUSDs/SM_Prop_CompanionCube_Healthpack.usd
[22:01:12.115] warn:  [SecretReplacement] Could not find stage: C:\SCPCB-RTX-Remaster\scpcb-rtx\rtx-remix\mods\rtx-files\./SubUSDs/SM_Prop_CompanionCube_Space.usd
[22:01:12.115] warn:  [SecretReplacement] Could not find stage: C:\SCPCB-RTX-Remaster\scpcb-rtx\rtx-remix\mods\rtx-files\./SubUSDs/SM_Prop_CompanionCube_Pillow_A.usd
[22:01:12.115] warn:  [SecretReplacement] Could not find stage: C:\SCPCB-RTX-Remaster\scpcb-rtx\rtx-remix\mods\rtx-files\./SubUSDs/SM_Prop_CompanionCube_Ceramic.usd
[22:01:12.115] warn:  [SecretReplacement] Could not find stage: C:\SCPCB-RTX-Remaster\scpcb-rtx\rtx-remix\mods\rtx-files\./SubUSDs/SM_Prop_CompanionCube_Wood.usd
[22:01:12.115] warn:  [SecretReplacement] Could not find stage: C:\SCPCB-RTX-Remaster\scpcb-rtx\rtx-remix\mods\rtx-files\./SubUSDs/SM_Prop_CompanionCubeDigital_A01_01.usd
[22:01:12.115] warn:  [SecretReplacement] Could not find stage: C:\SCPCB-RTX-Remaster\scpcb-rtx\rtx-remix\mods\rtx-files\./SubUSDs/SM_Prop_CompanionCube_SteamPunk_A01.usd
[22:01:12.116] warn:  [SecretReplacement] Could not find stage: C:\SCPCB-RTX-Remaster\scpcb-rtx\rtx-remix\mods\rtx-files\./SubUSDs/SM_Prop_CompanionCube_ArtsAndCrafts.usd
[22:01:12.116] warn:  [SecretReplacement] Could not find stage: C:\SCPCB-RTX-Remaster\scpcb-rtx\rtx-remix\mods\rtx-files\./SubUSDs/SM_Prop_CompanionCube_Cubus.usd
[22:01:12.229] info:  Message channel UWM_REMIX_BRIDGE_REGISTER_THREADPROC_MSG established.
[22:01:12.242] info:  Device properties:
[22:01:12.242] info:    Device name:     : NVIDIA GeForce RTX 4070 Ti
[22:01:12.242] info:    Vendor name:     : NVIDIA
[22:01:12.242] info:    Device ID:       : 0x2782
[22:01:12.242] info:    Vendor ID:       : 0x10de
[22:01:12.242] info:    Driver version   : 617.14.0
[22:01:12.242] info:  Enabled device extensions:
[22:01:12.242] info:    VK_EXT_4444_formats
[22:01:12.242] info:    VK_EXT_calibrated_timestamps
[22:01:12.242] info:    VK_EXT_conservative_rasterization
[22:01:12.242] info:    VK_EXT_custom_border_color
[22:01:12.242] info:    VK_EXT_depth_clip_enable
[22:01:12.242] info:    VK_EXT_extended_dynamic_state
[22:01:12.242] info:    VK_EXT_full_screen_exclusive
[22:01:12.242] info:    VK_EXT_memory_priority
[22:01:12.242] info:    VK_EXT_opacity_micromap
[22:01:12.242] info:    VK_EXT_robustness2
[22:01:12.242] info:    VK_EXT_shader_atomic_float
[22:01:12.242] info:    VK_EXT_shader_demote_to_helper_invocation
[22:01:12.242] info:    VK_EXT_shader_viewport_index_layer
[22:01:12.242] info:    VK_EXT_transform_feedback
[22:01:12.242] info:    VK_EXT_vertex_attribute_divisor
[22:01:12.242] info:    VK_KHR_acceleration_structure
[22:01:12.242] info:    VK_KHR_buffer_device_address
[22:01:12.242] info:    VK_KHR_create_renderpass2
[22:01:12.242] info:    VK_KHR_deferred_host_operations
[22:01:12.242] info:    VK_KHR_depth_stencil_resolve
[22:01:12.242] info:    VK_KHR_draw_indirect_count
[22:01:12.242] info:    VK_KHR_driver_properties
[22:01:12.242] info:    VK_KHR_external_memory
[22:01:12.242] info:    VK_KHR_external_memory_win32
[22:01:12.242] info:    VK_KHR_external_semaphore
[22:01:12.242] info:    VK_KHR_external_semaphore_win32
[22:01:12.242] info:    VK_KHR_image_format_list
[22:01:12.242] info:    VK_KHR_maintenance4
[22:01:12.242] info:    VK_KHR_pipeline_library
[22:01:12.242] info:    VK_KHR_push_descriptor
[22:01:12.242] info:    VK_KHR_ray_query
[22:01:12.242] info:    VK_KHR_ray_tracing_pipeline
[22:01:12.242] info:    VK_KHR_sampler_mirror_clamp_to_edge
[22:01:12.242] info:    VK_KHR_shader_float16_int8
[22:01:12.242] info:    VK_KHR_shader_float_controls
[22:01:12.242] info:    VK_KHR_swapchain
[22:01:12.242] info:    VK_KHR_synchronization2
[22:01:12.242] info:    VK_NVX_binary_import
[22:01:12.242] info:    VK_NVX_image_view_handle
[22:01:12.242] info:    VK_NV_low_latency
[22:01:12.242] info:    VK_NV_present_metering
[22:01:12.242] info:    VK_NV_ray_tracing_invocation_reorder
[22:01:12.242] info:  Device features:
[22:01:12.242] info:    robustBufferAccess                     : 1
[22:01:12.242] info:    fullDrawIndexUint32                    : 1
[22:01:12.242] info:    imageCubeArray                         : 1
[22:01:12.242] info:    independentBlend                       : 1
[22:01:12.242] info:    geometryShader                         : 1
[22:01:12.242] info:    tessellationShader                     : 0
[22:01:12.242] info:    sampleRateShading                      : 1
[22:01:12.242] info:    dualSrcBlend                           : 0
[22:01:12.242] info:    logicOp                                : 0
[22:01:12.242] info:    multiDrawIndirect                      : 0
[22:01:12.242] info:    drawIndirectFirstInstance              : 0
[22:01:12.242] info:    depthClamp                             : 1
[22:01:12.242] info:    depthBiasClamp                         : 1
[22:01:12.242] info:    fillModeNonSolid                       : 1
[22:01:12.242] info:    depthBounds                            : 1
[22:01:12.242] info:    multiViewport                          : 1
[22:01:12.242] info:    samplerAnisotropy                      : 1
[22:01:12.242] info:    textureCompressionBC                   : 1
[22:01:12.242] info:    occlusionQueryPrecise                  : 1
[22:01:12.242] info:    pipelineStatisticsQuery                : 1
[22:01:12.242] info:    vertexPipelineStoresAndAtomics         : 1
[22:01:12.242] info:    fragmentStoresAndAtomics               : 0
[22:01:12.242] info:    shaderImageGatherExtended              : 0
[22:01:12.242] info:    shaderStorageImageExtendedFormats      : 0
[22:01:12.242] info:    shaderStorageImageReadWithoutFormat    : 0
[22:01:12.242] info:    shaderStorageImageWriteWithoutFormat   : 1
[22:01:12.242] info:    shaderClipDistance                     : 1
[22:01:12.242] info:    shaderCullDistance                     : 1
[22:01:12.242] info:    shaderFloat64                          : 0
[22:01:12.242] info:    shaderInt64                            : 0
[22:01:12.242] info:    variableMultisampleRate                : 0
[22:01:12.242] info:    hostQueryReset                         : 1
[22:01:12.242] info:    scalarBlockLayout                      : 1
[22:01:12.242] info:    uniformBufferStandardLayout            : 1
[22:01:12.242] info:  VK_EXT_4444_formats
[22:01:12.242] info:    formatA4R4G4B4                         : 1
[22:01:12.242] info:    formatA4B4G4R4                         : 1
[22:01:12.242] info:  VK_EXT_custom_border_color
[22:01:12.242] info:    customBorderColors                     : 1
[22:01:12.242] info:    customBorderColorWithoutFormat         : 1
[22:01:12.242] info:  VK_EXT_depth_clip_enable
[22:01:12.242] info:    depthClipEnable                        : 1
[22:01:12.242] info:  VK_EXT_extended_dynamic_state
[22:01:12.242] info:    extendedDynamicState                   : 1
[22:01:12.242] info:  VK_EXT_memory_priority
[22:01:12.242] info:    memoryPriority                         : 1
[22:01:12.242] info:  VK_EXT_robustness2
[22:01:12.242] info:    robustBufferAccess2                    : 1
[22:01:12.242] info:    robustImageAccess2                     : 0
[22:01:12.242] info:    nullDescriptor                         : 1
[22:01:12.242] info:  VK_EXT_shader_demote_to_helper_invocation
[22:01:12.242] info:    shaderDemoteToHelperInvocation         : 1
[22:01:12.242] info:  VK_EXT_transform_feedback
[22:01:12.242] info:    transformFeedback                      : 1
[22:01:12.242] info:    geometryStreams                        : 0
[22:01:12.242] info:  VK_EXT_vertex_attribute_divisor
[22:01:12.242] info:    vertexAttributeInstanceRateDivisor     : 1
[22:01:12.242] info:    vertexAttributeInstanceRateZeroDivisor : 1
[22:01:12.242] info:  VK_KHR_buffer_device_address
[22:01:12.242] info:    bufferDeviceAddress                    : 1
[22:01:12.242] info:  Queue families:
[22:01:12.242] info:    Graphics : 0
[22:01:12.242] info:    Transfer : 1
[22:01:12.242] info:    Async Compute : 2
[22:01:12.242] info:    Present : 2
[22:01:12.367] info:  DXVK: Read 310 valid state cache entries
[22:01:12.367] info:  DXVK: Using 13 compiler threads
[22:01:12.368] warn:  usd plugins were not loaded
[22:01:12.368] warn:  usd plugins were not loaded
[22:01:12.436] warn:  Reflex PCL stats multiple initialization detected.
[22:01:12.436] info:  Reflex initialized successfully.
[22:01:12.444] info:  Automatic Raytrace Mode Preset in use (Set rtx.raytraceModePreset to something other than Auto use a non-automatic preset)
[22:01:12.444] info:  NVIDIA architecture detected, setting default raytrace modes to Trace Ray (Indirect Integrate) and Ray Query (GBuffer, Direct Integrate)
[22:01:12.444] info:  [RTX info] Opacity Micromap: supported
[22:01:12.444] info:  [RTX info] Shader Execution Reordering: supported
[22:01:12.444] info:  [RTX info] Shader Execution Reordering: enabled
[22:01:12.444] info:  CPU supports SIMD: AVX2
[22:01:12.448] warn:  Overriding asset search path from: c:\scpcb-rtx-remaster\scpcb-rtx\rtx-remix\mods\rtx-files\ to: c:\scpcb-rtx-remaster\scpcb-rtx\rtx-remix\mods\scpcb-rtx-dx9-proj\
[22:01:12.451] info:  D3D9DeviceEx::ResetSwapChain:
[22:01:12.451] info:    Requested Presentation Parameters
[22:01:12.451] info:      - Width:              1920
[22:01:12.451] info:      - Height:             1080
[22:01:12.451] info:      - Format:             D3D9Format::X8R8G8B8
[22:01:12.451] info:      - Auto Depth Stencil: true
[22:01:12.451] info:                  ^ Format: D3D9Format::D24S8
[22:01:12.451] info:      - Windowed:           true
[22:01:12.462] warn:  A suboptimal replacement texture detected: c:\SCPCB-RTX-Remaster\scpcb-rtx\rtx-remix\mods\SCPCB-RTX-DX9-Proj\SubUSDs\918780B90550BF34.dds! Please make sure all replacement textures have mip-maps.
[22:01:12.471] info:  No winproc detected, initiating bridge message channel for: 0000000100180CFA
[22:01:12.479] warn:  [SecretReplacement] Could not find stage: C:\SCPCB-RTX-Remaster\scpcb-rtx\rtx-remix\mods\SCPCB-RTX-DX9-Proj\./SubUSDs/SM_Prop_CompanionCube_Ice.usd
[22:01:12.479] warn:  [SecretReplacement] Could not find stage: C:\SCPCB-RTX-Remaster\scpcb-rtx\rtx-remix\mods\SCPCB-RTX-DX9-Proj\./SubUSDs/SM_Prop_CompanionCube_Lens.usd
[22:01:12.479] warn:  [SecretReplacement] Could not find stage: C:\SCPCB-RTX-Remaster\scpcb-rtx\rtx-remix\mods\SCPCB-RTX-DX9-Proj\./SubUSDs/SM_Prop_CompanionCubeCamera_A01_01.usd
[22:01:12.479] warn:  [SecretReplacement] Could not find stage: C:\SCPCB-RTX-Remaster\scpcb-rtx\rtx-remix\mods\SCPCB-RTX-DX9-Proj\./SubUSDs/SM_Prop_CompanionCubeDigital_A02_01.usd
[22:01:12.479] warn:  [SecretReplacement] Could not find stage: C:\SCPCB-RTX-Remaster\scpcb-rtx\rtx-remix\mods\SCPCB-RTX-DX9-Proj\./SubUSDs/SM_Prop_CompanionCubeIsogrid_A01_01.usd
[22:01:12.479] warn:  [SecretReplacement] Could not find stage: C:\SCPCB-RTX-Remaster\scpcb-rtx\rtx-remix\mods\SCPCB-RTX-DX9-Proj\./SubUSDs/SM_Prop_CompanionCubeIsogrid_A02_01.usd
[22:01:12.479] warn:  [SecretReplacement] Could not find stage: C:\SCPCB-RTX-Remaster\scpcb-rtx\rtx-remix\mods\SCPCB-RTX-DX9-Proj\./SubUSDs/SM_Prop_CompanionCubeIsogrid_A03_01.usd
[22:01:12.479] warn:  [SecretReplacement] Could not find stage: C:\SCPCB-RTX-Remaster\scpcb-rtx\rtx-remix\mods\SCPCB-RTX-DX9-Proj\./SubUSDs/SM_Prop_RTX_CompanionCube_A1_01.usd
[22:01:12.479] warn:  [SecretReplacement] Could not find stage: C:\SCPCB-RTX-Remaster\scpcb-rtx\rtx-remix\mods\SCPCB-RTX-DX9-Proj\./SubUSDs/SM_Prop_CompanionCube_RollCage.usd
[22:01:12.479] warn:  [SecretReplacement] Could not find stage: C:\SCPCB-RTX-Remaster\scpcb-rtx\rtx-remix\mods\SCPCB-RTX-DX9-Proj\./SubUSDs/SM_Prop_CompanionCube_Healthpack.usd
[22:01:12.480] warn:  [SecretReplacement] Could not find stage: C:\SCPCB-RTX-Remaster\scpcb-rtx\rtx-remix\mods\SCPCB-RTX-DX9-Proj\./SubUSDs/SM_Prop_CompanionCube_Space.usd
[22:01:12.480] warn:  [SecretReplacement] Could not find stage: C:\SCPCB-RTX-Remaster\scpcb-rtx\rtx-remix\mods\SCPCB-RTX-DX9-Proj\./SubUSDs/SM_Prop_CompanionCube_Pillow_A.usd
[22:01:12.480] warn:  [SecretReplacement] Could not find stage: C:\SCPCB-RTX-Remaster\scpcb-rtx\rtx-remix\mods\SCPCB-RTX-DX9-Proj\./SubUSDs/SM_Prop_CompanionCube_Ceramic.usd
[22:01:12.480] warn:  [SecretReplacement] Could not find stage: C:\SCPCB-RTX-Remaster\scpcb-rtx\rtx-remix\mods\SCPCB-RTX-DX9-Proj\./SubUSDs/SM_Prop_CompanionCube_Wood.usd
[22:01:12.480] warn:  [SecretReplacement] Could not find stage: C:\SCPCB-RTX-Remaster\scpcb-rtx\rtx-remix\mods\SCPCB-RTX-DX9-Proj\./SubUSDs/SM_Prop_CompanionCubeDigital_A01_01.usd
[22:01:12.480] warn:  [SecretReplacement] Could not find stage: C:\SCPCB-RTX-Remaster\scpcb-rtx\rtx-remix\mods\SCPCB-RTX-DX9-Proj\./SubUSDs/SM_Prop_CompanionCube_SteamPunk_A01.usd
[22:01:12.480] warn:  [SecretReplacement] Could not find stage: C:\SCPCB-RTX-Remaster\scpcb-rtx\rtx-remix\mods\SCPCB-RTX-DX9-Proj\./SubUSDs/SM_Prop_CompanionCube_ArtsAndCrafts.usd
[22:01:12.480] warn:  [SecretReplacement] Could not find stage: C:\SCPCB-RTX-Remaster\scpcb-rtx\rtx-remix\mods\SCPCB-RTX-DX9-Proj\./SubUSDs/SM_Prop_CompanionCube_Cubus.usd
[22:01:12.500] warn:  Overriding asset search path from: c:\scpcb-rtx-remaster\scpcb-rtx\rtx-remix\mods\scpcb-rtx-dx9-proj\ to: c:\scpcb-rtx-remaster\scpcb-rtx\rtx-remix\mods\rtx-files\
[22:01:12.503] warn:  A suboptimal replacement texture detected: c:\SCPCB-RTX-Remaster\scpcb-rtx\rtx-remix\mods\rtx-files\assets\ingested\dx7\918780B90550BF34.dds! Please make sure all replacement textures have mip-maps.
[22:01:12.520] warn:  [SecretReplacement] Could not find stage: C:\SCPCB-RTX-Remaster\scpcb-rtx\rtx-remix\mods\rtx-files\./SubUSDs/SM_Prop_CompanionCube_Ice.usd
[22:01:12.520] warn:  [SecretReplacement] Could not find stage: C:\SCPCB-RTX-Remaster\scpcb-rtx\rtx-remix\mods\rtx-files\./SubUSDs/SM_Prop_CompanionCube_Lens.usd
[22:01:12.520] warn:  [SecretReplacement] Could not find stage: C:\SCPCB-RTX-Remaster\scpcb-rtx\rtx-remix\mods\rtx-files\./SubUSDs/SM_Prop_CompanionCubeCamera_A01_01.usd
[22:01:12.520] warn:  [SecretReplacement] Could not find stage: C:\SCPCB-RTX-Remaster\scpcb-rtx\rtx-remix\mods\rtx-files\./SubUSDs/SM_Prop_CompanionCubeDigital_A02_01.usd
[22:01:12.520] warn:  [SecretReplacement] Could not find stage: C:\SCPCB-RTX-Remaster\scpcb-rtx\rtx-remix\mods\rtx-files\./SubUSDs/SM_Prop_CompanionCubeIsogrid_A01_01.usd
[22:01:12.520] warn:  [SecretReplacement] Could not find stage: C:\SCPCB-RTX-Remaster\scpcb-rtx\rtx-remix\mods\rtx-files\./SubUSDs/SM_Prop_CompanionCubeIsogrid_A02_01.usd
[22:01:12.521] warn:  [SecretReplacement] Could not find stage: C:\SCPCB-RTX-Remaster\scpcb-rtx\rtx-remix\mods\rtx-files\./SubUSDs/SM_Prop_CompanionCubeIsogrid_A03_01.usd
[22:01:12.521] warn:  [SecretReplacement] Could not find stage: C:\SCPCB-RTX-Remaster\scpcb-rtx\rtx-remix\mods\rtx-files\./SubUSDs/SM_Prop_RTX_CompanionCube_A1_01.usd
[22:01:12.521] warn:  [SecretReplacement] Could not find stage: C:\SCPCB-RTX-Remaster\scpcb-rtx\rtx-remix\mods\rtx-files\./SubUSDs/SM_Prop_CompanionCube_RollCage.usd
[22:01:12.521] warn:  [SecretReplacement] Could not find stage: C:\SCPCB-RTX-Remaster\scpcb-rtx\rtx-remix\mods\rtx-files\./SubUSDs/SM_Prop_CompanionCube_Healthpack.usd
[22:01:12.521] warn:  [SecretReplacement] Could not find stage: C:\SCPCB-RTX-Remaster\scpcb-rtx\rtx-remix\mods\rtx-files\./SubUSDs/SM_Prop_CompanionCube_Space.usd
[22:01:12.521] warn:  [SecretReplacement] Could not find stage: C:\SCPCB-RTX-Remaster\scpcb-rtx\rtx-remix\mods\rtx-files\./SubUSDs/SM_Prop_CompanionCube_Pillow_A.usd
[22:01:12.521] warn:  [SecretReplacement] Could not find stage: C:\SCPCB-RTX-Remaster\scpcb-rtx\rtx-remix\mods\rtx-files\./SubUSDs/SM_Prop_CompanionCube_Ceramic.usd
[22:01:12.521] warn:  [SecretReplacement] Could not find stage: C:\SCPCB-RTX-Remaster\scpcb-rtx\rtx-remix\mods\rtx-files\./SubUSDs/SM_Prop_CompanionCube_Wood.usd
[22:01:12.522] warn:  [SecretReplacement] Could not find stage: C:\SCPCB-RTX-Remaster\scpcb-rtx\rtx-remix\mods\rtx-files\./SubUSDs/SM_Prop_CompanionCubeDigital_A01_01.usd
[22:01:12.522] warn:  [SecretReplacement] Could not find stage: C:\SCPCB-RTX-Remaster\scpcb-rtx\rtx-remix\mods\rtx-files\./SubUSDs/SM_Prop_CompanionCube_SteamPunk_A01.usd
[22:01:12.522] warn:  [SecretReplacement] Could not find stage: C:\SCPCB-RTX-Remaster\scpcb-rtx\rtx-remix\mods\rtx-files\./SubUSDs/SM_Prop_CompanionCube_ArtsAndCrafts.usd
[22:01:12.522] warn:  [SecretReplacement] Could not find stage: C:\SCPCB-RTX-Remaster\scpcb-rtx\rtx-remix\mods\rtx-files\./SubUSDs/SM_Prop_CompanionCube_Cubus.usd
[22:01:12.529] warn:  D3D9Texture2D::QueryInterface: Unknown interface query
[22:01:12.529] warn:  794950f2-adfc-458a-905e-10a10b0b503b
[22:01:13.311] warn:  D3D9DeviceEx::SetRenderState: Unhandled render state D3DRS_MULTISAMPLEANTIALIAS
[22:01:13.311] info:  [RTX-Compatibility-Info] Skipped drawcall, using pre-transformed vertices which isn't currently supported.
[22:01:13.313] info:  Presenter: Actual swap chain properties:
[22:01:13.313] info:    Format:       VK_FORMAT_R8G8B8A8_UNORM
[22:01:13.313] info:    Present mode: VK_PRESENT_MODE_FIFO_KHR
[22:01:13.313] info:    Buffer size:  1920x1080
[22:01:13.313] info:    Image count:  3
[22:01:13.313] info:    Exclusive FS: 2
[22:01:13.505] info:  [RTX-Compatibility-Info] Trying to raytrace but not detecting a valid camera.
[22:01:19.199] info:  D3D9DeviceEx::ResetSwapChain:
[22:01:19.199] info:    Requested Presentation Parameters
[22:01:19.199] info:      - Width:              1920
[22:01:19.199] info:      - Height:             1080
[22:01:19.199] info:      - Format:             D3D9Format::X8R8G8B8
[22:01:19.199] info:      - Auto Depth Stencil: true
[22:01:19.199] info:                  ^ Format: D3D9Format::D24S8
[22:01:19.199] info:      - Windowed:           true
[22:01:19.200] warn:  [D3D9WindowProc] Swapchain handle is invalid, some of its values may not be correct.
[22:01:23.812] info:  D3D9DeviceEx::ResetSwapChain:
[22:01:23.812] info:    Requested Presentation Parameters
[22:01:23.812] info:      - Width:              1920
[22:01:23.812] info:      - Height:             1080
[22:01:23.812] info:      - Format:             D3D9Format::X8R8G8B8
[22:01:23.812] info:      - Auto Depth Stencil: true
[22:01:23.812] info:                  ^ Format: D3D9Format::D24S8
[22:01:23.812] info:      - Windowed:           true
[22:01:33.177] info:  D3D9DeviceEx::ResetSwapChain:
[22:01:33.177] info:    Requested Presentation Parameters
[22:01:33.177] info:      - Width:              1920
[22:01:33.177] info:      - Height:             1080
[22:01:33.177] info:      - Format:             D3D9Format::X8R8G8B8
[22:01:33.177] info:      - Auto Depth Stencil: true
[22:01:33.177] info:                  ^ Format: D3D9Format::D24S8
[22:01:33.177] info:      - Windowed:           true
[22:01:45.169] info:  [RTX-Compatibility-Info] Texture 0 without valid hash detected, skipping drawcall.
[22:01:45.172] info:  [RTX] Opacity Micromap: enabled
[22:01:45.173] info:  RenderPass GBuffer Raytrace Mode: Ray Query (CS)
[22:01:45.173] info:  RenderPass Integrate Direct Raytrace Mode: Ray Query (CS)
[22:01:45.173] info:  RenderPass Integrate Indirect Raytrace Mode: Trace Ray (RGS)
[22:01:45.187] info:  [RTX Neural Radiance Cache] NRC SDK: Loading the default network config data.
[22:01:45.192] info:  [RTX Neural Radiance Cache] NRC v0.13 (22 January 2025) Context successfully initialized. 
[22:01:45.192] info:  [RTX-Compatibility-Info] Volume Froxel Max Distance set to 2000 but current camera frustum allows only a maximum of 8.72777
[22:01:45.345] info:  [RTX] Integrate Indirect Mode: Neural Radiance Cache - activated
[22:01:51.842] info:  [RTX] Integrate Indirect Mode: ReSTIR GI - activated
[22:02:02.319] warn:  Found a null sampler. Fallback to linear-repeat
[22:03:16.350] info:  hidetextures - added 33B202D302B65CAA
[22:03:17.140] info:  hidetextures - removed 33B202D302B65CAA
[22:03:30.989] info:  hidetextures - added 33B202D302B65CAA
[22:03:36.335] info:  hidetextures - removed 33B202D302B65CAA
[22:03:36.622] info:  ignoretextures - added 33B202D302B65CAA
[22:04:32.742] info:  [RTX-Compatibility-Info] Found a draw call to a non-primary, non-raytraced render target. Falling back to rasterization
[22:11:38.176] info:  [RTX Neural Radiance Cache] NRC SDK: Loading the default network config data.
[22:11:38.179] info:  [RTX Neural Radiance Cache] NRC v0.13 (22 January 2025) Context successfully initialized. 
[22:11:38.179] info:  [RTX] Integrate Indirect Mode: Neural Radiance Cache - activated
[22:11:40.150] info:  [RTX] Integrate Indirect Mode: ReSTIR GI - activated
[22:12:27.994] warn:  [RTX] CameraManager: FOV of a camera changed between frames
[22:15:44.087] info:  D3D9DeviceEx::ResetSwapChain:
[22:15:44.087] info:    Requested Presentation Parameters
[22:15:44.087] info:      - Width:              1920
[22:15:44.087] info:      - Height:             1080
[22:15:44.087] info:      - Format:             D3D9Format::X8R8G8B8
[22:15:44.087] info:      - Auto Depth Stencil: true
[22:15:44.087] info:                  ^ Format: D3D9Format::D24S8
[22:15:44.087] info:      - Windowed:           true
[22:15:44.621] info:  Camera cut detected on frame 35943
[22:15:44.622] info:  [RTX] Opacity Micromap: enabled
[22:15:44.625] info:  D3D9DeviceEx::ResetSwapChain:
[22:15:44.625] info:    Requested Presentation Parameters
[22:15:44.625] info:      - Width:              1920
[22:15:44.625] info:      - Height:             1080
[22:15:44.625] info:      - Format:             D3D9Format::X8R8G8B8
[22:15:44.625] info:      - Auto Depth Stencil: true
[22:15:44.625] info:                  ^ Format: D3D9Format::D24S8
[22:15:44.625] info:      - Windowed:           true
[22:15:54.383] info:  skytextures - added 86E4095058498899
[22:16:02.700] info:  skytextures - added D90EB8A82E68B669
[22:16:28.228] info:  Camera cut detected on frame 37659
[22:16:28.228] info:  [RTX] Opacity Micromap: enabled
[22:16:34.380] err:   [77] common device objects were not disposed of.
